// Jest Snapshot v1, https://goo.gl/fbAQLP

exports[`NavBar renders without crashing 1`] = `
ShallowWrapper {
  Symbol(enzyme.__root__): [Circular],
  Symbol(enzyme.__unrendered__): <NavBar
    code=""
    hasNextStep={true}
    isRunning={false}
    onRestartButtonClick={[MockFunction]}
    onRunButtonClick={[MockFunction]}
    onRunningSpeedChange={[MockFunction]}
    onShareButtonClick={[MockFunction]}
    onStepButtonClick={[MockFunction]}
    runningSpeed={100}
  />,
  Symbol(enzyme.__renderer__): Object {
    "batchedUpdates": [Function],
    "getNode": [Function],
    "render": [Function],
    "simulateError": [Function],
    "simulateEvent": [Function],
    "unmount": [Function],
  },
  Symbol(enzyme.__node__): Object {
    "instance": null,
    "key": undefined,
    "nodeType": "host",
    "props": Object {
      "children": Array [
        <div
          className="navbar-brand"
        >
          <div
            className="navbar-item"
          >
            VisualCode.Studio
          </div>
          <div
            className="navbar-start"
          >
            <div
              className="navbar-item"
            >
              <div
                className="field is-grouped"
              >
                <div
                  className="marginRight button is-small is-info step-button"
                  onClick={[MockFunction]}
                >
                  Next Step
                </div>
                <div
                  className="marginRight button is-small is-info run-button"
                  onClick={[MockFunction]}
                >
                  Run
                </div>
                <input
                  className="marginRight slider is-fullwidth is-info running-speed-slider"
                  defaultValue="50"
                  max="100"
                  min="0"
                  onChange={[Function]}
                  step="1"
                  type="range"
                />
                <div
                  className="marginNone button is-small is-info restart-button"
                  onClick={[MockFunction]}
                >
                  Restart
                </div>
              </div>
            </div>
          </div>
          <div
            className="navbar-end"
          >
            <div
              className="navbar-item"
            >
              <div
                className="button is-info is-small share-button"
                onClick={[MockFunction]}
              >
                Share
              </div>
            </div>
          </div>
        </div>,
        <div
          className="navbar-menu"
        />,
      ],
      "className": "backgroundTransparent navbar",
    },
    "ref": null,
    "rendered": Array [
      Object {
        "instance": null,
        "key": undefined,
        "nodeType": "host",
        "props": Object {
          "children": Array [
            <div
              className="navbar-item"
            >
              VisualCode.Studio
            </div>,
            <div
              className="navbar-start"
            >
              <div
                className="navbar-item"
              >
                <div
                  className="field is-grouped"
                >
                  <div
                    className="marginRight button is-small is-info step-button"
                    onClick={[MockFunction]}
                  >
                    Next Step
                  </div>
                  <div
                    className="marginRight button is-small is-info run-button"
                    onClick={[MockFunction]}
                  >
                    Run
                  </div>
                  <input
                    className="marginRight slider is-fullwidth is-info running-speed-slider"
                    defaultValue="50"
                    max="100"
                    min="0"
                    onChange={[Function]}
                    step="1"
                    type="range"
                  />
                  <div
                    className="marginNone button is-small is-info restart-button"
                    onClick={[MockFunction]}
                  >
                    Restart
                  </div>
                </div>
              </div>
            </div>,
            <div
              className="navbar-end"
            >
              <div
                className="navbar-item"
              >
                <div
                  className="button is-info is-small share-button"
                  onClick={[MockFunction]}
                >
                  Share
                </div>
              </div>
            </div>,
          ],
          "className": "navbar-brand",
        },
        "ref": null,
        "rendered": Array [
          Object {
            "instance": null,
            "key": undefined,
            "nodeType": "host",
            "props": Object {
              "children": "VisualCode.Studio",
              "className": "navbar-item",
            },
            "ref": null,
            "rendered": "VisualCode.Studio",
            "type": "div",
          },
          Object {
            "instance": null,
            "key": undefined,
            "nodeType": "host",
            "props": Object {
              "children": <div
                className="navbar-item"
              >
                <div
                  className="field is-grouped"
                >
                  <div
                    className="marginRight button is-small is-info step-button"
                    onClick={[MockFunction]}
                  >
                    Next Step
                  </div>
                  <div
                    className="marginRight button is-small is-info run-button"
                    onClick={[MockFunction]}
                  >
                    Run
                  </div>
                  <input
                    className="marginRight slider is-fullwidth is-info running-speed-slider"
                    defaultValue="50"
                    max="100"
                    min="0"
                    onChange={[Function]}
                    step="1"
                    type="range"
                  />
                  <div
                    className="marginNone button is-small is-info restart-button"
                    onClick={[MockFunction]}
                  >
                    Restart
                  </div>
                </div>
              </div>,
              "className": "navbar-start",
            },
            "ref": null,
            "rendered": Object {
              "instance": null,
              "key": undefined,
              "nodeType": "host",
              "props": Object {
                "children": <div
                  className="field is-grouped"
                >
                  <div
                    className="marginRight button is-small is-info step-button"
                    onClick={[MockFunction]}
                  >
                    Next Step
                  </div>
                  <div
                    className="marginRight button is-small is-info run-button"
                    onClick={[MockFunction]}
                  >
                    Run
                  </div>
                  <input
                    className="marginRight slider is-fullwidth is-info running-speed-slider"
                    defaultValue="50"
                    max="100"
                    min="0"
                    onChange={[Function]}
                    step="1"
                    type="range"
                  />
                  <div
                    className="marginNone button is-small is-info restart-button"
                    onClick={[MockFunction]}
                  >
                    Restart
                  </div>
                </div>,
                "className": "navbar-item",
              },
              "ref": null,
              "rendered": Object {
                "instance": null,
                "key": undefined,
                "nodeType": "host",
                "props": Object {
                  "children": Array [
                    <div
                      className="marginRight button is-small is-info step-button"
                      onClick={[MockFunction]}
                    >
                      Next Step
                    </div>,
                    <div
                      className="marginRight button is-small is-info run-button"
                      onClick={[MockFunction]}
                    >
                      Run
                    </div>,
                    <input
                      className="marginRight slider is-fullwidth is-info running-speed-slider"
                      defaultValue="50"
                      max="100"
                      min="0"
                      onChange={[Function]}
                      step="1"
                      type="range"
                    />,
                    <div
                      className="marginNone button is-small is-info restart-button"
                      onClick={[MockFunction]}
                    >
                      Restart
                    </div>,
                  ],
                  "className": "field is-grouped",
                },
                "ref": null,
                "rendered": Array [
                  Object {
                    "instance": null,
                    "key": undefined,
                    "nodeType": "host",
                    "props": Object {
                      "children": "Next Step",
                      "className": "marginRight button is-small is-info step-button",
                      "onClick": [MockFunction],
                    },
                    "ref": null,
                    "rendered": "Next Step",
                    "type": "div",
                  },
                  Object {
                    "instance": null,
                    "key": undefined,
                    "nodeType": "host",
                    "props": Object {
                      "children": "Run",
                      "className": "marginRight button is-small is-info run-button",
                      "onClick": [MockFunction],
                    },
                    "ref": null,
                    "rendered": "Run",
                    "type": "div",
                  },
                  Object {
                    "instance": null,
                    "key": undefined,
                    "nodeType": "host",
                    "props": Object {
                      "className": "marginRight slider is-fullwidth is-info running-speed-slider",
                      "defaultValue": "50",
                      "max": "100",
                      "min": "0",
                      "onChange": [Function],
                      "step": "1",
                      "type": "range",
                    },
                    "ref": null,
                    "rendered": null,
                    "type": "input",
                  },
                  Object {
                    "instance": null,
                    "key": undefined,
                    "nodeType": "host",
                    "props": Object {
                      "children": "Restart",
                      "className": "marginNone button is-small is-info restart-button",
                      "onClick": [MockFunction],
                    },
                    "ref": null,
                    "rendered": "Restart",
                    "type": "div",
                  },
                ],
                "type": "div",
              },
              "type": "div",
            },
            "type": "div",
          },
          Object {
            "instance": null,
            "key": undefined,
            "nodeType": "host",
            "props": Object {
              "children": <div
                className="navbar-item"
              >
                <div
                  className="button is-info is-small share-button"
                  onClick={[MockFunction]}
                >
                  Share
                </div>
              </div>,
              "className": "navbar-end",
            },
            "ref": null,
            "rendered": Object {
              "instance": null,
              "key": undefined,
              "nodeType": "host",
              "props": Object {
                "children": <div
                  className="button is-info is-small share-button"
                  onClick={[MockFunction]}
                >
                  Share
                </div>,
                "className": "navbar-item",
              },
              "ref": null,
              "rendered": Object {
                "instance": null,
                "key": undefined,
                "nodeType": "host",
                "props": Object {
                  "children": "Share",
                  "className": "button is-info is-small share-button",
                  "onClick": [MockFunction],
                },
                "ref": null,
                "rendered": "Share",
                "type": "div",
              },
              "type": "div",
            },
            "type": "div",
          },
        ],
        "type": "div",
      },
      Object {
        "instance": null,
        "key": undefined,
        "nodeType": "host",
        "props": Object {
          "className": "navbar-menu",
        },
        "ref": null,
        "rendered": null,
        "type": "div",
      },
    ],
    "type": "nav",
  },
  Symbol(enzyme.__nodes__): Array [
    Object {
      "instance": null,
      "key": undefined,
      "nodeType": "host",
      "props": Object {
        "children": Array [
          <div
            className="navbar-brand"
          >
            <div
              className="navbar-item"
            >
              VisualCode.Studio
            </div>
            <div
              className="navbar-start"
            >
              <div
                className="navbar-item"
              >
                <div
                  className="field is-grouped"
                >
                  <div
                    className="marginRight button is-small is-info step-button"
                    onClick={[MockFunction]}
                  >
                    Next Step
                  </div>
                  <div
                    className="marginRight button is-small is-info run-button"
                    onClick={[MockFunction]}
                  >
                    Run
                  </div>
                  <input
                    className="marginRight slider is-fullwidth is-info running-speed-slider"
                    defaultValue="50"
                    max="100"
                    min="0"
                    onChange={[Function]}
                    step="1"
                    type="range"
                  />
                  <div
                    className="marginNone button is-small is-info restart-button"
                    onClick={[MockFunction]}
                  >
                    Restart
                  </div>
                </div>
              </div>
            </div>
            <div
              className="navbar-end"
            >
              <div
                className="navbar-item"
              >
                <div
                  className="button is-info is-small share-button"
                  onClick={[MockFunction]}
                >
                  Share
                </div>
              </div>
            </div>
          </div>,
          <div
            className="navbar-menu"
          />,
        ],
        "className": "backgroundTransparent navbar",
      },
      "ref": null,
      "rendered": Array [
        Object {
          "instance": null,
          "key": undefined,
          "nodeType": "host",
          "props": Object {
            "children": Array [
              <div
                className="navbar-item"
              >
                VisualCode.Studio
              </div>,
              <div
                className="navbar-start"
              >
                <div
                  className="navbar-item"
                >
                  <div
                    className="field is-grouped"
                  >
                    <div
                      className="marginRight button is-small is-info step-button"
                      onClick={[MockFunction]}
                    >
                      Next Step
                    </div>
                    <div
                      className="marginRight button is-small is-info run-button"
                      onClick={[MockFunction]}
                    >
                      Run
                    </div>
                    <input
                      className="marginRight slider is-fullwidth is-info running-speed-slider"
                      defaultValue="50"
                      max="100"
                      min="0"
                      onChange={[Function]}
                      step="1"
                      type="range"
                    />
                    <div
                      className="marginNone button is-small is-info restart-button"
                      onClick={[MockFunction]}
                    >
                      Restart
                    </div>
                  </div>
                </div>
              </div>,
              <div
                className="navbar-end"
              >
                <div
                  className="navbar-item"
                >
                  <div
                    className="button is-info is-small share-button"
                    onClick={[MockFunction]}
                  >
                    Share
                  </div>
                </div>
              </div>,
            ],
            "className": "navbar-brand",
          },
          "ref": null,
          "rendered": Array [
            Object {
              "instance": null,
              "key": undefined,
              "nodeType": "host",
              "props": Object {
                "children": "VisualCode.Studio",
                "className": "navbar-item",
              },
              "ref": null,
              "rendered": "VisualCode.Studio",
              "type": "div",
            },
            Object {
              "instance": null,
              "key": undefined,
              "nodeType": "host",
              "props": Object {
                "children": <div
                  className="navbar-item"
                >
                  <div
                    className="field is-grouped"
                  >
                    <div
                      className="marginRight button is-small is-info step-button"
                      onClick={[MockFunction]}
                    >
                      Next Step
                    </div>
                    <div
                      className="marginRight button is-small is-info run-button"
                      onClick={[MockFunction]}
                    >
                      Run
                    </div>
                    <input
                      className="marginRight slider is-fullwidth is-info running-speed-slider"
                      defaultValue="50"
                      max="100"
                      min="0"
                      onChange={[Function]}
                      step="1"
                      type="range"
                    />
                    <div
                      className="marginNone button is-small is-info restart-button"
                      onClick={[MockFunction]}
                    >
                      Restart
                    </div>
                  </div>
                </div>,
                "className": "navbar-start",
              },
              "ref": null,
              "rendered": Object {
                "instance": null,
                "key": undefined,
                "nodeType": "host",
                "props": Object {
                  "children": <div
                    className="field is-grouped"
                  >
                    <div
                      className="marginRight button is-small is-info step-button"
                      onClick={[MockFunction]}
                    >
                      Next Step
                    </div>
                    <div
                      className="marginRight button is-small is-info run-button"
                      onClick={[MockFunction]}
                    >
                      Run
                    </div>
                    <input
                      className="marginRight slider is-fullwidth is-info running-speed-slider"
                      defaultValue="50"
                      max="100"
                      min="0"
                      onChange={[Function]}
                      step="1"
                      type="range"
                    />
                    <div
                      className="marginNone button is-small is-info restart-button"
                      onClick={[MockFunction]}
                    >
                      Restart
                    </div>
                  </div>,
                  "className": "navbar-item",
                },
                "ref": null,
                "rendered": Object {
                  "instance": null,
                  "key": undefined,
                  "nodeType": "host",
                  "props": Object {
                    "children": Array [
                      <div
                        className="marginRight button is-small is-info step-button"
                        onClick={[MockFunction]}
                      >
                        Next Step
                      </div>,
                      <div
                        className="marginRight button is-small is-info run-button"
                        onClick={[MockFunction]}
                      >
                        Run
                      </div>,
                      <input
                        className="marginRight slider is-fullwidth is-info running-speed-slider"
                        defaultValue="50"
                        max="100"
                        min="0"
                        onChange={[Function]}
                        step="1"
                        type="range"
                      />,
                      <div
                        className="marginNone button is-small is-info restart-button"
                        onClick={[MockFunction]}
                      >
                        Restart
                      </div>,
                    ],
                    "className": "field is-grouped",
                  },
                  "ref": null,
                  "rendered": Array [
                    Object {
                      "instance": null,
                      "key": undefined,
                      "nodeType": "host",
                      "props": Object {
                        "children": "Next Step",
                        "className": "marginRight button is-small is-info step-button",
                        "onClick": [MockFunction],
                      },
                      "ref": null,
                      "rendered": "Next Step",
                      "type": "div",
                    },
                    Object {
                      "instance": null,
                      "key": undefined,
                      "nodeType": "host",
                      "props": Object {
                        "children": "Run",
                        "className": "marginRight button is-small is-info run-button",
                        "onClick": [MockFunction],
                      },
                      "ref": null,
                      "rendered": "Run",
                      "type": "div",
                    },
                    Object {
                      "instance": null,
                      "key": undefined,
                      "nodeType": "host",
                      "props": Object {
                        "className": "marginRight slider is-fullwidth is-info running-speed-slider",
                        "defaultValue": "50",
                        "max": "100",
                        "min": "0",
                        "onChange": [Function],
                        "step": "1",
                        "type": "range",
                      },
                      "ref": null,
                      "rendered": null,
                      "type": "input",
                    },
                    Object {
                      "instance": null,
                      "key": undefined,
                      "nodeType": "host",
                      "props": Object {
                        "children": "Restart",
                        "className": "marginNone button is-small is-info restart-button",
                        "onClick": [MockFunction],
                      },
                      "ref": null,
                      "rendered": "Restart",
                      "type": "div",
                    },
                  ],
                  "type": "div",
                },
                "type": "div",
              },
              "type": "div",
            },
            Object {
              "instance": null,
              "key": undefined,
              "nodeType": "host",
              "props": Object {
                "children": <div
                  className="navbar-item"
                >
                  <div
                    className="button is-info is-small share-button"
                    onClick={[MockFunction]}
                  >
                    Share
                  </div>
                </div>,
                "className": "navbar-end",
              },
              "ref": null,
              "rendered": Object {
                "instance": null,
                "key": undefined,
                "nodeType": "host",
                "props": Object {
                  "children": <div
                    className="button is-info is-small share-button"
                    onClick={[MockFunction]}
                  >
                    Share
                  </div>,
                  "className": "navbar-item",
                },
                "ref": null,
                "rendered": Object {
                  "instance": null,
                  "key": undefined,
                  "nodeType": "host",
                  "props": Object {
                    "children": "Share",
                    "className": "button is-info is-small share-button",
                    "onClick": [MockFunction],
                  },
                  "ref": null,
                  "rendered": "Share",
                  "type": "div",
                },
                "type": "div",
              },
              "type": "div",
            },
          ],
          "type": "div",
        },
        Object {
          "instance": null,
          "key": undefined,
          "nodeType": "host",
          "props": Object {
            "className": "navbar-menu",
          },
          "ref": null,
          "rendered": null,
          "type": "div",
        },
      ],
      "type": "nav",
    },
  ],
  Symbol(enzyme.__options__): Object {
    "adapter": ReactSixteenAdapter {
      "options": Object {
        "enableComponentDidUpdateOnSetState": true,
        "lifecycles": Object {
          "componentDidUpdate": Object {
            "onSetState": true,
          },
          "getDerivedStateFromProps": true,
          "getSnapshotBeforeUpdate": true,
          "setState": Object {
            "skipsComponentDidUpdateOnNullish": true,
          },
        },
      },
    },
  },
}
`;
